printing to error.txt
